20:59:10.610 [17] PreviewHandler ctor
02:48:07.093 [1] PreviewHandler ctor
02:48:07.104 [4] Initialize path=D:\GitHub\WizardMD\HANDOFF.md
02:48:07.108 [4] SetSite System.__ComObject
02:48:07.126 [4] SetWindow hwnd=0x11313B4 rect=0,0,0,0
02:48:07.126 [4] EnsureUi: создание STA-потока
02:48:09.752 [5] UI: форма создана и показана
02:48:09.757 [4] SetWindow done
02:48:10.125 [4] DoPreview
02:48:10.178 [5] ShowContent: загрузка DocumentText, html.Length=16087
02:48:10.262 [5] ShowContent done
02:48:10.264 [4] DoPreview done
02:48:10.268 [6] SetRect 0,0,2017,1834
02:48:20.172 [6] Unload
02:48:20.187 [5] UI: message loop завершён
02:48:20.208 [6] Unload done
02:48:20.211 [6] SetSite null
02:48:20.212 [6] Initialize path=D:\GitHub\WizardMD\AGENTS.md
02:48:20.214 [6] SetSite System.__ComObject
02:48:20.214 [6] SetWindow hwnd=0x11313B4 rect=0,0,2017,1834
02:48:20.215 [6] EnsureUi: создание STA-потока
02:48:20.243 [7] UI: форма создана и показана
02:48:20.247 [6] SetWindow done
02:48:20.249 [6] DoPreview
02:48:20.250 [7] ShowContent: загрузка DocumentText, html.Length=10349
02:48:20.276 [7] ShowContent done
02:48:20.278 [6] DoPreview done
02:48:24.420 [6] Unload
02:48:24.429 [7] UI: message loop завершён
02:48:24.444 [6] Unload done
02:48:24.444 [6] SetSite null
02:48:24.449 [6] Initialize path=D:\GitHub\WizardMD\HANDOFF.md
02:48:24.449 [6] SetSite System.__ComObject
02:48:24.449 [6] SetWindow hwnd=0x11313B4 rect=0,0,2017,1834
02:48:24.451 [6] EnsureUi: создание STA-потока
02:48:24.485 [8] UI: форма создана и показана
02:48:24.492 [6] SetWindow done
02:48:24.495 [6] DoPreview
02:48:24.497 [8] ShowContent: загрузка DocumentText, html.Length=16087
02:48:24.521 [8] ShowContent done
02:48:24.523 [6] DoPreview done
02:48:26.334 [6] Unload
02:48:26.344 [8] UI: message loop завершён
02:48:26.359 [6] Unload done
02:48:26.359 [6] SetSite null
02:48:26.362 [6] Initialize path=D:\GitHub\WizardMD\AGENTS.md
02:48:26.362 [6] SetSite System.__ComObject
02:48:26.362 [6] SetWindow hwnd=0x11313B4 rect=0,0,2017,1834
02:48:26.364 [6] EnsureUi: создание STA-потока
02:48:26.395 [9] UI: форма создана и показана
02:48:26.401 [6] SetWindow done
02:48:26.401 [6] DoPreview
02:48:26.403 [9] ShowContent: загрузка DocumentText, html.Length=10349
02:48:26.427 [9] ShowContent done
02:48:26.427 [6] DoPreview done
02:48:27.704 [6] Unload
02:48:27.712 [9] UI: message loop завершён
02:48:27.727 [6] Unload done
02:48:27.729 [6] SetSite null
02:48:27.732 [6] Initialize path=D:\GitHub\WizardMD\HANDOFF.md
02:48:27.732 [6] SetSite System.__ComObject
02:48:27.734 [6] SetWindow hwnd=0x11313B4 rect=0,0,2017,1834
02:48:27.734 [6] EnsureUi: создание STA-потока
02:48:27.771 [10] UI: форма создана и показана
02:48:27.778 [6] SetWindow done
02:48:27.780 [6] DoPreview
02:48:27.782 [10] ShowContent: загрузка DocumentText, html.Length=16087
02:48:27.810 [10] ShowContent done
02:48:27.810 [6] DoPreview done
02:48:28.727 [6] Unload
02:48:28.735 [10] UI: message loop завершён
02:48:28.749 [6] Unload done
02:48:28.750 [6] SetSite null
02:48:28.753 [6] Initialize path=D:\GitHub\WizardMD\AGENTS.md
02:48:28.755 [6] SetSite System.__ComObject
02:48:28.755 [6] SetWindow hwnd=0x11313B4 rect=0,0,2017,1834
02:48:28.756 [6] EnsureUi: создание STA-потока
02:48:28.792 [11] UI: форма создана и показана
02:48:28.801 [6] SetWindow done
02:48:28.801 [6] DoPreview
02:48:28.805 [11] ShowContent: загрузка DocumentText, html.Length=10349
02:48:28.830 [11] ShowContent done
02:48:28.831 [6] DoPreview done
02:48:33.540 [6] Unload
02:48:33.548 [11] UI: message loop завершён
02:48:33.560 [6] Unload done
02:48:33.562 [6] SetSite null
02:48:33.564 [6] Initialize path=D:\GitHub\WizardMD\README.md
02:48:33.564 [6] SetSite System.__ComObject
02:48:33.566 [6] SetWindow hwnd=0x11313B4 rect=0,0,2017,1834
02:48:33.566 [6] EnsureUi: создание STA-потока
02:48:33.597 [12] UI: форма создана и показана
02:48:33.601 [6] SetWindow done
02:48:33.603 [6] DoPreview
02:48:33.618 [12] ShowContent: загрузка DocumentText, html.Length=10627
02:48:33.640 [12] ShowContent done
02:48:33.641 [6] DoPreview done
02:48:35.038 [6] Unload
02:48:35.048 [12] UI: message loop завершён
02:48:35.061 [6] Unload done
02:48:35.061 [6] SetSite null
02:48:35.064 [6] Initialize path=D:\GitHub\WizardMD\HANDOFF.md
02:48:35.064 [6] SetSite System.__ComObject
02:48:35.066 [6] SetWindow hwnd=0x11313B4 rect=0,0,2017,1834
02:48:35.066 [6] EnsureUi: создание STA-потока
02:48:35.096 [13] UI: форма создана и показана
02:48:35.101 [6] SetWindow done
02:48:35.104 [6] DoPreview
02:48:35.109 [13] ShowContent: загрузка DocumentText, html.Length=16087
02:48:35.135 [13] ShowContent done
02:48:35.136 [6] DoPreview done
02:48:35.851 [6] Unload
02:48:35.860 [13] UI: message loop завершён
02:48:35.874 [6] Unload done
02:48:35.876 [6] SetSite null
02:48:35.879 [6] Initialize path=D:\GitHub\WizardMD\AGENTS.md
02:48:35.880 [6] SetSite System.__ComObject
02:48:35.882 [6] SetWindow hwnd=0x11313B4 rect=0,0,2017,1834
02:48:35.882 [6] EnsureUi: создание STA-потока
02:48:35.911 [12] UI: форма создана и показана
02:48:35.916 [6] SetWindow done
02:48:35.917 [6] DoPreview
02:48:35.919 [12] ShowContent: загрузка DocumentText, html.Length=10349
02:48:35.941 [12] ShowContent done
02:48:35.943 [6] DoPreview done
02:48:49.189 [6] Unload
02:48:49.198 [12] UI: message loop завершён
02:48:49.217 [6] Unload done
02:48:49.218 [6] SetSite null
02:48:50.347 [6] Initialize path=D:\GitHub\WizardMD\AGENTS.md
02:48:50.348 [6] SetSite System.__ComObject
02:48:50.350 [6] SetWindow hwnd=0x11313B4 rect=0,0,2017,1834
02:48:50.350 [6] EnsureUi: создание STA-потока
02:48:50.388 [11] UI: форма создана и показана
02:48:50.392 [6] SetWindow done
02:48:50.393 [6] DoPreview
02:48:50.395 [11] ShowContent: загрузка DocumentText, html.Length=10349
02:48:50.418 [11] ShowContent done
02:48:50.418 [6] DoPreview done
03:01:19.772 [1] PreviewHandler ctor
03:01:19.783 [4] Initialize path=D:\GitHub\AI-Architect-Course\AGENTS.md
03:01:19.786 [4] SetSite System.__ComObject
03:01:19.791 [4] SetWindow hwnd=0x4B0DFC rect=0,0,0,0
03:01:19.791 [4] EnsureUi: создание STA-потока
03:01:19.960 [5] UI: форма создана и показана
03:01:19.968 [4] SetWindow done
03:01:20.346 [4] DoPreview
03:01:20.366 [5] ShowContent: загрузка DocumentText, html.Length=9251
03:01:20.410 [5] ShowContent done
03:01:20.410 [4] DoPreview done
03:01:20.424 [6] SetRect 0,0,2017,1834
03:01:24.918 [6] Unload
03:01:24.936 [5] UI: message loop завершён
03:01:24.952 [6] Unload done
03:01:24.953 [6] SetSite null
03:01:24.955 [6] Initialize path=D:\GitHub\AI-Architect-Course\ARCHITECTURE_LANDSCAPE.md
03:01:24.956 [6] SetSite System.__ComObject
03:01:24.958 [6] SetWindow hwnd=0x4B0DFC rect=0,0,2017,1834
03:01:24.958 [6] EnsureUi: создание STA-потока
03:01:24.994 [7] UI: форма создана и показана
03:01:25.000 [6] SetWindow done
03:01:25.001 [6] DoPreview
03:01:25.030 [7] ShowContent: загрузка DocumentText, html.Length=21379
03:01:25.050 [7] ShowContent done
03:01:25.051 [6] DoPreview done
03:01:27.569 [6] Unload
03:01:27.585 [7] UI: message loop завершён
03:01:27.605 [6] Unload done
03:01:27.606 [6] SetSite null
03:01:27.608 [6] Initialize path=D:\GitHub\AI-Architect-Course\AGENTS.md
03:01:27.609 [6] SetSite System.__ComObject
03:01:27.610 [6] SetWindow hwnd=0x4B0DFC rect=0,0,2017,1834
03:01:27.610 [6] EnsureUi: создание STA-потока
03:01:27.647 [8] UI: форма создана и показана
03:01:27.652 [6] SetWindow done
03:01:27.652 [6] DoPreview
03:01:27.654 [8] ShowContent: загрузка DocumentText, html.Length=9251
03:01:27.678 [8] ShowContent done
03:01:27.679 [6] DoPreview done
03:01:29.192 [6] Unload
03:01:29.207 [8] UI: message loop завершён
03:01:29.226 [6] Unload done
03:01:29.228 [6] SetSite null
03:01:29.231 [6] Initialize path=D:\GitHub\AI-Architect-Course\ADR_TEMPLATE.md
03:01:29.232 [6] SetSite System.__ComObject
03:01:29.232 [6] SetWindow hwnd=0x4B0DFC rect=0,0,2017,1834
03:01:29.232 [6] EnsureUi: создание STA-потока
03:01:29.270 [9] UI: форма создана и показана
03:01:29.278 [6] SetWindow done
03:01:29.280 [6] DoPreview
03:01:29.281 [9] ShowContent: загрузка DocumentText, html.Length=14476
03:01:29.304 [9] ShowContent done
03:01:29.305 [6] DoPreview done
03:01:34.861 [6] Unload
03:01:34.873 [9] UI: message loop завершён
03:01:34.890 [6] Unload done
03:01:34.892 [6] SetSite null
03:01:34.893 [6] Initialize path=D:\GitHub\AI-Architect-Course\AGENTS.md
03:01:34.893 [6] SetSite System.__ComObject
03:01:34.893 [6] SetWindow hwnd=0x4B0DFC rect=0,0,2017,1834
03:01:34.895 [6] EnsureUi: создание STA-потока
03:01:34.932 [10] UI: форма создана и показана
03:01:34.938 [6] SetWindow done
03:01:34.941 [6] DoPreview
03:01:34.941 [10] ShowContent: загрузка DocumentText, html.Length=9251
03:01:34.971 [10] ShowContent done
03:01:34.972 [6] DoPreview done
03:01:35.578 [6] Unload
03:01:35.593 [10] UI: message loop завершён
03:01:35.611 [6] Unload done
03:01:35.611 [6] SetSite null
03:01:35.614 [6] Initialize path=D:\GitHub\AI-Architect-Course\ARCHITECTURE_LANDSCAPE.md
03:01:35.614 [6] SetSite System.__ComObject
03:01:35.615 [6] SetWindow hwnd=0x4B0DFC rect=0,0,2017,1834
03:01:35.615 [6] EnsureUi: создание STA-потока
03:01:35.649 [11] UI: форма создана и показана
03:01:35.654 [6] SetWindow done
03:01:35.656 [6] DoPreview
03:01:35.657 [11] ShowContent: загрузка DocumentText, html.Length=21379
03:01:35.680 [11] ShowContent done
03:01:35.682 [6] DoPreview done
03:01:38.121 [6] Unload
03:01:38.132 [11] UI: message loop завершён
03:01:38.149 [6] Unload done
03:01:38.150 [6] SetSite null
03:01:40.150 [6] Initialize path=D:\GitHub\AI-Architect-Course\GLOSSARY.md
03:01:40.151 [6] SetSite System.__ComObject
03:01:40.151 [6] SetWindow hwnd=0x4B0DFC rect=0,0,2017,1834
03:01:40.153 [6] EnsureUi: создание STA-потока
03:01:40.188 [12] UI: форма создана и показана
03:01:40.192 [6] SetWindow done
03:01:40.196 [6] DoPreview
03:01:40.214 [12] ShowContent: загрузка DocumentText, html.Length=185976
03:01:40.233 [12] ShowContent done
03:01:40.234 [6] DoPreview done
03:01:42.951 [6] Unload
03:01:42.988 [12] UI: message loop завершён
03:01:42.990 [6] Unload done
03:01:42.992 [6] SetSite null
03:01:42.993 [6] Initialize path=D:\GitHub\AI-Architect-Course\ARCHITECTURE_LANDSCAPE.md
03:01:42.994 [6] SetSite System.__ComObject
03:01:42.995 [6] SetWindow hwnd=0x4B0DFC rect=0,0,2017,1834
03:01:42.995 [6] EnsureUi: создание STA-потока
03:01:43.031 [11] UI: форма создана и показана
03:01:43.036 [6] SetWindow done
03:01:43.038 [6] DoPreview
03:01:43.040 [11] ShowContent: загрузка DocumentText, html.Length=21379
03:01:43.060 [11] ShowContent done
03:01:43.060 [6] DoPreview done
03:01:46.005 [6] Unload
03:01:46.019 [11] UI: message loop завершён
03:01:46.037 [6] Unload done
03:01:46.038 [6] SetSite null
03:01:46.040 [6] Initialize path=D:\GitHub\AI-Architect-Course\AGENTS.md
03:01:46.042 [6] SetSite System.__ComObject
03:01:46.042 [6] SetWindow hwnd=0x4B0DFC rect=0,0,2017,1834
03:01:46.042 [6] EnsureUi: создание STA-потока
03:01:46.076 [10] UI: форма создана и показана
03:01:46.083 [6] SetWindow done
03:01:46.083 [6] DoPreview
03:01:46.085 [10] ShowContent: загрузка DocumentText, html.Length=9251
03:01:46.110 [10] ShowContent done
03:01:46.110 [6] DoPreview done
03:01:47.679 [6] Unload
03:01:47.693 [10] UI: message loop завершён
03:01:47.710 [6] Unload done
03:01:47.711 [6] SetSite null
03:01:47.713 [6] Initialize path=D:\GitHub\AI-Architect-Course\ADR_TEMPLATE.md
03:01:47.714 [6] SetSite System.__ComObject
03:01:47.715 [6] SetWindow hwnd=0x4B0DFC rect=0,0,2017,1834
03:01:47.715 [6] EnsureUi: создание STA-потока
03:01:47.750 [9] UI: форма создана и показана
03:01:47.756 [6] SetWindow done
03:01:47.758 [6] DoPreview
03:01:47.763 [9] ShowContent: загрузка DocumentText, html.Length=14476
03:01:47.785 [9] ShowContent done
03:01:47.787 [6] DoPreview done
03:01:51.937 [6] Unload
03:01:51.951 [9] UI: message loop завершён
03:01:51.968 [6] Unload done
03:01:51.969 [6] SetSite null
03:01:51.971 [6] Initialize path=D:\GitHub\AI-Architect-Course\AGENTS.md
03:01:51.972 [6] SetSite System.__ComObject
03:01:51.972 [6] SetWindow hwnd=0x4B0DFC rect=0,0,2017,1834
03:01:51.973 [6] EnsureUi: создание STA-потока
03:01:52.006 [8] UI: форма создана и показана
03:01:52.011 [6] SetWindow done
03:01:52.012 [6] DoPreview
03:01:52.014 [8] ShowContent: загрузка DocumentText, html.Length=9251
03:01:52.040 [8] ShowContent done
03:01:52.041 [6] DoPreview done
03:01:53.440 [6] Unload
03:01:53.455 [8] UI: message loop завершён
03:01:53.471 [6] Unload done
03:01:53.473 [6] SetSite null
03:01:53.474 [6] Initialize path=D:\GitHub\AI-Architect-Course\ADR_TEMPLATE.md
03:01:53.474 [6] SetSite System.__ComObject
03:01:53.476 [6] SetWindow hwnd=0x4B0DFC rect=0,0,2017,1834
03:01:53.476 [6] EnsureUi: создание STA-потока
03:01:53.510 [7] UI: форма создана и показана
03:01:53.514 [6] SetWindow done
03:01:53.516 [6] DoPreview
03:01:53.517 [7] ShowContent: загрузка DocumentText, html.Length=14476
03:01:53.540 [7] ShowContent done
03:01:53.541 [6] DoPreview done
03:01:57.307 [6] Unload
03:01:57.321 [7] UI: message loop завершён
03:01:57.340 [6] Unload done
03:01:57.340 [6] SetSite null
03:01:57.343 [6] Initialize path=D:\GitHub\AI-Architect-Course\AGENTS.md
03:01:57.344 [6] SetSite System.__ComObject
03:01:57.346 [6] SetWindow hwnd=0x4B0DFC rect=0,0,2017,1834
03:01:57.346 [6] EnsureUi: создание STA-потока
03:01:57.379 [5] UI: форма создана и показана
03:01:57.386 [6] SetWindow done
03:01:57.387 [6] DoPreview
03:01:57.387 [5] ShowContent: загрузка DocumentText, html.Length=9251
03:01:57.415 [5] ShowContent done
03:01:57.417 [6] DoPreview done
03:01:58.078 [6] Unload
03:01:58.092 [5] UI: message loop завершён
03:01:58.111 [6] Unload done
03:01:58.111 [6] SetSite null
03:01:58.112 [6] Initialize path=D:\GitHub\AI-Architect-Course\ARCHITECTURE_LANDSCAPE.md
03:01:58.114 [6] SetSite System.__ComObject
03:01:58.114 [6] SetWindow hwnd=0x4B0DFC rect=0,0,2017,1834
03:01:58.115 [6] EnsureUi: создание STA-потока
03:01:58.144 [13] UI: форма создана и показана
03:01:58.149 [6] SetWindow done
03:01:58.150 [6] DoPreview
03:01:58.152 [13] ShowContent: загрузка DocumentText, html.Length=21379
03:01:58.177 [13] ShowContent done
03:01:58.179 [6] DoPreview done
03:02:00.825 [6] Unload
03:02:00.837 [13] UI: message loop завершён
03:02:00.857 [6] Unload done
03:02:00.858 [6] SetSite null
03:02:00.860 [6] Initialize path=D:\GitHub\AI-Architect-Course\GLOSSARY.md
03:02:00.861 [6] SetSite System.__ComObject
03:02:00.861 [6] SetWindow hwnd=0x4B0DFC rect=0,0,2017,1834
03:02:00.861 [6] EnsureUi: создание STA-потока
03:02:00.891 [14] UI: форма создана и показана
03:02:00.895 [6] SetWindow done
03:02:00.897 [6] DoPreview
03:02:00.911 [14] ShowContent: загрузка DocumentText, html.Length=185976
03:02:00.931 [14] ShowContent done
03:02:00.933 [6] DoPreview done
03:02:03.907 [6] Unload
03:02:03.919 [14] UI: message loop завершён
03:02:03.944 [6] Unload done
03:02:03.944 [6] SetSite null
03:02:03.947 [6] Initialize path=D:\GitHub\AI-Architect-Course\QUICKREF.md
03:02:03.949 [6] SetSite System.__ComObject
03:02:03.949 [6] SetWindow hwnd=0x4B0DFC rect=0,0,2017,1834
03:02:03.950 [6] EnsureUi: создание STA-потока
03:02:03.982 [13] UI: форма создана и показана
03:02:03.987 [6] SetWindow done
03:02:03.989 [6] DoPreview
03:02:03.990 [13] ShowContent: загрузка DocumentText, html.Length=15578
03:02:04.014 [13] ShowContent done
03:02:04.014 [6] DoPreview done
03:02:08.584 [6] Unload
03:02:08.596 [13] UI: message loop завершён
03:02:08.618 [6] Unload done
03:02:08.619 [6] SetSite null
03:02:08.621 [6] Initialize path=D:\GitHub\AI-Architect-Course\GLOSSARY.md
03:02:08.623 [6] SetSite System.__ComObject
03:02:08.623 [6] SetWindow hwnd=0x4B0DFC rect=0,0,2017,1834
03:02:08.624 [6] EnsureUi: создание STA-потока
03:02:08.658 [5] UI: форма создана и показана
03:02:08.667 [6] SetWindow done
03:02:08.670 [6] DoPreview
03:02:08.688 [5] ShowContent: загрузка DocumentText, html.Length=185976
03:02:08.709 [5] ShowContent done
03:02:08.709 [6] DoPreview done
03:02:11.193 [6] Unload
03:02:11.206 [5] UI: message loop завершён
03:02:11.231 [6] Unload done
03:02:11.232 [6] SetSite null
03:02:11.234 [6] Initialize path=D:\GitHub\AI-Architect-Course\ARCHITECTURE_LANDSCAPE.md
03:02:11.235 [6] SetSite System.__ComObject
03:02:11.235 [6] SetWindow hwnd=0x4B0DFC rect=0,0,2017,1834
03:02:11.236 [6] EnsureUi: создание STA-потока
03:02:11.271 [7] UI: форма создана и показана
03:02:11.276 [6] SetWindow done
03:02:11.277 [6] DoPreview
03:02:11.279 [7] ShowContent: загрузка DocumentText, html.Length=21379
03:02:11.299 [7] ShowContent done
03:02:11.300 [6] DoPreview done
03:02:13.556 [6] Unload
03:02:13.571 [7] UI: message loop завершён
03:02:13.590 [6] Unload done
03:02:13.590 [6] SetSite null
03:02:13.593 [6] Initialize path=D:\GitHub\AI-Architect-Course\AGENTS.md
03:02:13.594 [6] SetSite System.__ComObject
03:02:13.594 [6] SetWindow hwnd=0x4B0DFC rect=0,0,2017,1834
03:02:13.596 [6] EnsureUi: создание STA-потока
03:02:13.636 [8] UI: форма создана и показана
03:02:13.644 [6] SetWindow done
03:02:13.646 [6] DoPreview
03:02:13.647 [8] ShowContent: загрузка DocumentText, html.Length=9251
03:02:13.674 [8] ShowContent done
03:02:13.674 [6] DoPreview done
03:02:15.080 [6] Unload
03:02:15.094 [8] UI: message loop завершён
03:02:15.111 [6] Unload done
03:02:15.111 [6] SetSite null
03:02:15.114 [6] Initialize path=D:\GitHub\AI-Architect-Course\ADR_TEMPLATE.md
03:02:15.114 [6] SetSite System.__ComObject
03:02:15.116 [6] SetWindow hwnd=0x4B0DFC rect=0,0,2017,1834
03:02:15.117 [6] EnsureUi: создание STA-потока
03:02:15.149 [9] UI: форма создана и показана
03:02:15.155 [6] SetWindow done
03:02:15.155 [6] DoPreview
03:02:15.156 [9] ShowContent: загрузка DocumentText, html.Length=14476
03:02:15.182 [9] ShowContent done
03:02:15.182 [6] DoPreview done
